Microchip MPLAB XC8 Compiler V2.41

Linker command line:

-W-3 \
  --edf=C:/Users/hosam/.mchp_packs/Microchip/PIC16Fxxx_DFP/1.4.149/xc8\pic\dat\20230322214319_en.msgs \
  -cn -h+dist/default/production\Vending_Machine_Project.X.production.sym \
  --cmf=dist/default/production\Vending_Machine_Project.X.production.cmf -z \
  -Q16F882 -oC:\Users\hosam\AppData\Local\Temp\xcAsbq4.\driver_tmp_3.o \
  --defsym=__MPLAB_BUILD=1 --fixupoverflow=error \
  -Mdist/default/production/Vending_Machine_Project.X.production.map \
  --md=C:\Users\hosam\AppData\Local\Temp\xcAsbq4.\driver_tmp_0.dat -E1 \
  -ver=XC8 Compiler -ACODE=00h-07FFh -ASTRCODE=00h-07FFh \
  -ASTRING=00h-0FFhx8 -ACONST=00h-0FFhx8 -AENTRY=00h-0FFhx8 \
  -ACOMMON=070h-07Fh -ABANK0=020h-06Fh -ABANK1=0A0h-0BFh \
  -ARAM=020h-06Fh,0A0h-0BFh -AABS1=020h-07Fh,0A0h-0BFh -ASFR0=00h-01Fh \
  -ASFR1=080h-09Fh -ASFR2=0100h-016Fh -ASFR3=0180h-01EFh \
  -ACONFIG=02007h-02008h -DCONFIG=2 -AIDLOC=02000h-02003h -DIDLOC=2 \
  -AEEDATA=00h-07Fh/02100h -peeprom_data=EEDATA -DEEDATA=2 -DCODE=2 \
  -DSTRCODE=2 -DSTRING=2 -DCONST=2 -DENTRY=2 \
  -preset_vec=00h,intentry=04h,init,end_init -ppowerup=CODE -pcinit=CODE \
  -pfunctab=ENTRY -k \
  C:\Users\hosam\AppData\Local\Temp\xcAsbq4.\driver_tmp_12.o \
  dist/default/production\Vending_Machine_Project.X.production.o 

Object code version is 3.11

Machine type is 16F882



                Name                               Link     Load   Length Selector   Space Scale
C:\Users\hosam\AppData\Local\Temp\xcAsbq4.\driver_tmp_12.o
                end_init                              E        E        1        8       0
                reset_vec                             0        0        1        0       0
                config                             2007     2007        2        0       4
                idloc                              2000     2000        4        0       5
dist/default/production\Vending_Machine_Project.X.production.o
                cinit                                 F        F       1A        8       0
                intentry                              4        4        A        8       0
                config                             2007     2007        2        0       4
                idloc                              2000     2000        4        0       5
                text19                              6A2      6A2       4A      386       0
                text18                              525      525       76      386       0
                text17                              281      281       A1      386       0
                text16                               ED       ED        C        8       0
                text15                              433      433       7C      386       0
                text14                               29       29       C4        8       0
                text13                              4AF      4AF       76      386       0
                text12                              1C3      1C3       BE      386       0
                text11                              5FE      5FE       56      386       0
                text10                              59B      59B       63      386       0
                text9                               322      322       94      386       0
                text8                               794      794       31      386       0
                text7                               3B6      3B6       7D      386       0
                text6                               7C5      7C5       28      386       0
                text5                               7ED      7ED       13      386       0
                text4                               72A      72A       36      386       0
                text3                               654      654       4E      386       0
                text2                               760      760       34      386       0
                text1                               6EC      6EC       3E      386       0
                maintext                              1        1        3        0       0
                cstackBANK0                          20       20       14       20       1
                cstackCOMMON                         70       70        C       70       1
                dataBANK0                            3F       3F        6       20       1
                bssBANK0                             34       34        B       20       1
                bssCOMMON                            7C       7C        1       70       1
                strings                             100      100       C3      200       0
                idataBANK0                           F9       F9        6        8       0

TOTAL           Name                               Link     Load   Length     Space
        CLASS   CODE           
                end_init                              E        E        1         0
                cinit                                 F        F       1A         0
                intentry                              4        4        A         0
                reset_vec                             0        0        1         0
                text19                              6A2      6A2       4A         0
                text18                              525      525       76         0
                text17                              281      281       A1         0
                text16                               ED       ED        C         0
                text15                              433      433       7C         0
                text14                               29       29       C4         0
                text13                              4AF      4AF       76         0
                text12                              1C3      1C3       BE         0
                text11                              5FE      5FE       56         0
                text10                              59B      59B       63         0
                text9                               322      322       94         0
                text8                               794      794       31         0
                text7                               3B6      3B6       7D         0
                text6                               7C5      7C5       28         0
                text5                               7ED      7ED       13         0
                text4                               72A      72A       36         0
                text3                               654      654       4E         0
                text2                               760      760       34         0
                text1                               6EC      6EC       3E         0
                maintext                              1        1        3         0
                idataBANK0                           F9       F9        6         0

        CLASS   STRCODE        

        CLASS   STRING         
                strings                             100      100       C3         0

        CLASS   CONST          

        CLASS   ENTRY          

        CLASS   COMMON         
                cstackCOMMON                         70       70        C         1
                bssCOMMON                            7C       7C        1         1

        CLASS   BANK0          
                cstackBANK0                          20       20       14         1
                dataBANK0                            3F       3F        6         1
                bssBANK0                             34       34        B         1

        CLASS   BANK1          

        CLASS   RAM            

        CLASS   ABS1           
                abs_s1                               7E       7E        2         1

        CLASS   SFR0           

        CLASS   SFR1           

        CLASS   SFR2           

        CLASS   SFR3           

        CLASS   CONFIG         
                config                             2007     2007        2         4

        CLASS   IDLOC          
                idloc                              2000     2000        4         5

        CLASS   EEDATA         

        CLASS   BANK3          

        CLASS   BANK2          

        CLASS   STACK          



SEGMENTS        Name                           Load    Length   Top    Selector   Space  Class     Delta

                reset_vec                      000000  000004  000004         0       0  CODE        2
                intentry                       000004  0000FB  0000FF         8       0  CODE        2
                cstackBANK0                    000020  000025  000045        20       1  BANK0       1
                cstackCOMMON                   000070  00000D  00007D        70       1  COMMON      1
                strings                        000100  0000C3  0001C3       200       0  STRING      2
                text12                         0001C3  00063D  000800       386       0  CODE        2


UNUSED ADDRESS RANGES

        Name                Unused          Largest block    Delta
        BANK0            0045-006F             2B           1
        BANK1            00A0-00BF             20           1
        CODE             00FF-00FF              1           2
        COMMON           007D-007D              1           1
        CONST            00FF-00FF              1           2
        EEDATA           2100-217F             80           2
        ENTRY            00FF-00FF              1           2
        RAM              0045-006F             2B           1
                         00A0-00BF             20
        SFR0             0000-001F             20           1
        SFR1             0080-009F             20           1
        SFR2             0100-016F             70           1
        SFR3             0180-01EF             70           1
        STRCODE          00FF-00FF              1           2
        STRING           00FF-00FF              1           2

                                  Symbol Table

?_ADC_Read                          cstackCOMMON 0070
ADC_Read@channel                    cstackCOMMON 0075
ADC_Read@result                     cstackCOMMON 0073
DIO_setPinDir@direction             cstackBANK0  0021
DIO_setPinDir@pin                   cstackBANK0  0020
DIO_setPinDir@port                  cstackBANK0  0024
DIO_setPinMode@mode                 cstackBANK0  0026
DIO_setPinMode@pin                  cstackBANK0  0025
DIO_setPinMode@port                 cstackBANK0  0029
DIO_setPinValue@pin                 cstackBANK0  0020
DIO_setPinValue@port                cstackBANK0  0024
DIO_setPinValue@value               cstackBANK0  0021
LCD_Init@display                    cstackBANK0  0026
LCD_Out@c                           cstackBANK0  0022
LCD_PutChar@c                       cstackBANK0  0025
LCD_PutString@a                     cstackBANK0  0026
LCD_PutString@i                     cstackBANK0  002B
LCD_Write@c                         cstackBANK0  0025
TIMR1_Delay5s@i                     cstackBANK0  0020
VM_Init@F1329                       dataBANK0    003F
VM_Init@lcd                         cstackBANK0  002D
VM_Mode_DispenseChange@change_count cstackBANK0  002D
VM_Mode_DispenseDrink@i             cstackBANK0  002D
_ADCON0                             (abs)        001F
_ADCON0bits                         (abs)        001F
_ADCON1                             (abs)        009F
_ADC_Init                           text16       00ED
_ADC_Read                           text19       06A2
_ADRESH                             (abs)        001E
_ADRESL                             (abs)        009E
_ANSEL                              (abs)        0188
_ANSELH                             (abs)        0189
_DIO_setPinDir                      text15       0433
_DIO_setPinMode                     text14       0029
_DIO_setPinValue                    text13       04AF
_INTCONbits                         (abs)        000B
_IOCB                               (abs)        0096
_LCD_Init                           text10       059B
_LCD_Out                            text12       01C3
_LCD_PutChar                        text9        0322
_LCD_PutString                      text8        0794
_LCD_Write                          text11       05FE
_OPTION_REGbits                     (abs)        0081
_PIE1bits                           (abs)        008C
_PIR1bits                           (abs)        000C
_PORTA                              (abs)        0005
_PORTB                              (abs)        0006
_PORTBbits                          (abs)        0006
_PORTC                              (abs)        0007
_PR2                                (abs)        0092
_T1CON                              (abs)        0010
_T2CONbits                          (abs)        0012
_TIMR1_Delay5s                      text5        07ED
_TMR1                               (abs)        000E
_TMR2                               (abs)        0011
_TRISA                              (abs)        0085
_TRISB                              (abs)        0086
_TRISC                              (abs)        0087
_VM_Init                            text7        03B6
_VM_Mode_CoinInsertion              text6        07C5
_VM_Mode_DispenseChange             text4        072A
_VM_Mode_DispenseDrink              text3        0654
_VM_Mode_DrinkSelection             text2        0760
_VM_Running                         text1        06EC
__H__absolute__                     __absolute__ 0000
__Habs1                             abs1         0000
__Hbank0                            bank0        0000
__Hbank1                            bank1        0000
__Hbank2                            bank2        0000
__Hbank3                            bank3        0000
__HbssBANK0                         bssBANK0     0000
__HbssCOMMON                        bssCOMMON    0000
__Hcinit                            cinit        0029
__Hclrtext                          clrtext      0000
__Hcode                             code         0000
__Hcommon                           common       0000
__Hconfig                           config       2009
__HcstackBANK0                      cstackBANK0  0000
__HcstackCOMMON                     cstackCOMMON 0000
__HdataBANK0                        dataBANK0    0000
__Heeprom_data                      eeprom_data  0000
__Hend_init                         end_init     000F
__Hfunctab                          functab      0000
__HidataBANK0                       idataBANK0   0000
__Hidloc                            idloc        2004
__Hinit                             init         000E
__Hintentry                         intentry     000E
__Hmaintext                         maintext     0000
__Hpowerup                          powerup      0000
__Hram                              ram          0000
__Hreset_vec                        reset_vec    0001
__Hsfr0                             sfr0         0000
__Hsfr1                             sfr1         0000
__Hsfr2                             sfr2         0000
__Hsfr3                             sfr3         0000
__Hspace_0                          (abs)        0800
__Hspace_1                          (abs)        007D
__Hspace_2                          (abs)        0000
__Hspace_3                          (abs)        0000
__Hspace_4                          (abs)        4010
__Hstack                            stack        0000
__Hstrings                          strings      0000
__Htext                             text         0000
__L__absolute__                     __absolute__ 0000
__Labs1                             abs1         0000
__Lbank0                            bank0        0000
__Lbank1                            bank1        0000
__Lbank2                            bank2        0000
__Lbank3                            bank3        0000
__LbssBANK0                         bssBANK0     0000
__LbssCOMMON                        bssCOMMON    0000
__Lcinit                            cinit        000F
__Lclrtext                          clrtext      0000
__Lcode                             code         0000
__Lcommon                           common       0000
__Lconfig                           config       0000
__LcstackBANK0                      cstackBANK0  0000
__LcstackCOMMON                     cstackCOMMON 0000
__LdataBANK0                        dataBANK0    0000
__Leeprom_data                      eeprom_data  0000
__Lend_init                         end_init     000E
__Lfunctab                          functab      0000
__LidataBANK0                       idataBANK0   0000
__Lidloc                            idloc        0000
__Linit                             init         000E
__Lintentry                         intentry     0004
__Lmaintext                         maintext     0000
__Lpowerup                          powerup      0000
__Lram                              ram          0000
__Lreset_vec                        reset_vec    0000
__Lsfr0                             sfr0         0000
__Lsfr1                             sfr1         0000
__Lsfr2                             sfr2         0000
__Lsfr3                             sfr3         0000
__Lspace_0                          (abs)        0000
__Lspace_1                          (abs)        0000
__Lspace_2                          (abs)        0000
__Lspace_3                          (abs)        0000
__Lspace_4                          (abs)        0000
__Lstack                            stack        0000
__Lstrings                          strings      0000
__Ltext                             text         0000
__S0                                (abs)        0800
__S1                                (abs)        007D
__S3                                (abs)        0000
___int_sp                           stack        0000
___latbits                          (abs)        0000
___sp                               stack        0000
___stackhi                          (abs)        0000
___stacklo                          (abs)        0000
__end_of_ADC_Init                   text16       00F9
__end_of_ADC_Read                   text19       06EC
__end_of_DIO_setPinDir              text15       04AF
__end_of_DIO_setPinMode             text14       00ED
__end_of_DIO_setPinValue            text13       0525
__end_of_LCD_Init                   text10       05FE
__end_of_LCD_Out                    text12       0281
__end_of_LCD_PutChar                text9        03B6
__end_of_LCD_PutString              text8        07C5
__end_of_LCD_Write                  text11       0654
__end_of_TIMR1_Delay5s              text5        0800
__end_of_VM_Init                    text7        0433
__end_of_VM_Mode_CoinInsertion      text6        07ED
__end_of_VM_Mode_DispenseChange     text4        0760
__end_of_VM_Mode_DispenseDrink      text3        06A2
__end_of_VM_Mode_DrinkSelection     text2        0794
__end_of_VM_Running                 text1        072A
__end_of__initialization            cinit        0027
__end_of__stringtab                 strings      0110
__end_of_main                       maintext     0004
__end_of_myISR                      text17       0322
__end_ofi1_DIO_setPinValue          text18       059B
__initialization                    cinit        000F
__pbssBANK0                         bssBANK0     0034
__pbssCOMMON                        bssCOMMON    007C
__pcstackBANK0                      cstackBANK0  0020
__pcstackCOMMON                     cstackCOMMON 0070
__pdataBANK0                        dataBANK0    003F
__pidataBANK0                       idataBANK0   00F9
__pintentry                         intentry     0004
__pmaintext                         maintext     0001
__pstrings                          strings      0100
__ptext1                            text1        06EC
__ptext10                           text10       059B
__ptext11                           text11       05FE
__ptext12                           text12       01C3
__ptext13                           text13       04AF
__ptext14                           text14       0029
__ptext15                           text15       0433
__ptext16                           text16       00ED
__ptext17                           text17       0281
__ptext18                           text18       0525
__ptext19                           text19       06A2
__ptext2                            text2        0760
__ptext3                            text3        0654
__ptext4                            text4        072A
__ptext5                            text5        07ED
__ptext6                            text6        07C5
__ptext7                            text7        03B6
__ptext8                            text8        0794
__ptext9                            text9        0322
__stringbase                        strings      010F
__stringtab                         strings      0100
_adc_val                            bssBANK0     0039
_gCurrentDrink                      bssBANK0     003C
_gCurrentDrinkPrice                 bssBANK0     003B
_gCurrentState                      dataBANK0    0044
_lcd                                bssBANK0     0034
_main                               maintext     0001
_myISR                              text17       0281
_temp                               bssBANK0     003D
btemp                               (abs)        007E
end_of_initialization               cinit        0027
i1DIO_setPinValue@pin               cstackCOMMON 0070
i1DIO_setPinValue@port              cstackCOMMON 0074
i1DIO_setPinValue@value             cstackCOMMON 0071
i1_DIO_setPinValue                  text18       0525
interrupt_function                  intentry     0004
intlevel0                           functab      0000
intlevel1                           functab      0000
intlevel2                           functab      0000
intlevel3                           functab      0000
intlevel4                           functab      0000
intlevel5                           functab      0000
myISR@timer_count                   bssCOMMON    007C
reset_vec                           reset_vec    0000
saved_w                             (abs)        007E
start                               init         000E
start_initialization                cinit        000F
wtemp0                              (abs)        007E


MODULE INFORMATION

Module		Function		Class		Link	Load	Size
source/ADC/ADC.c
		_ADC_Read      		CODE           	06A2	0000	74
		_ADC_Init      		CODE           	00ED	0000	12

source/ADC/ADC.c estimated size: 86

shared
		__stringtab    		STRING         	0100	0000	16
		__initialization		CODE           	000F	0000	24
		i1_DIO_setPinValue		CODE           	0525	0000	118

shared estimated size: 158

source/LCD/LCD.c
		_LCD_Init      		CODE           	059B	0000	99
		_LCD_Out       		CODE           	01C3	0000	190
		_LCD_PutChar   		CODE           	0322	0000	148
		_LCD_PutString 		CODE           	0794	0000	49
		_LCD_Write     		CODE           	05FE	0000	86

source/LCD/LCD.c estimated size: 572

source/VendingMachine/VM.c
		_VM_Mode_DispenseDrink		CODE           	0654	0000	78
		_VM_Mode_CoinInsertion		CODE           	07C5	0000	40
		_myISR         		CODE           	0281	0000	161
		_VM_Running    		CODE           	06EC	0000	62
		_VM_Mode_DispenseChange		CODE           	072A	0000	54
		_VM_Mode_DrinkSelection		CODE           	0760	0000	52
		_VM_Init       		CODE           	03B6	0000	125
		_TIMR1_Delay5s 		CODE           	07ED	0000	19

source/VendingMachine/VM.c estimated size: 591

source/DIO/DIO.c
		_DIO_setPinDir 		CODE           	0433	0000	124
		_DIO_setPinMode		CODE           	0029	0000	196
		_DIO_setPinValue		CODE           	04AF	0000	118

source/DIO/DIO.c estimated size: 438

main.c
		_main          		CODE           	0001	0000	3

main.c estimated size: 3

